------------------------------------------------------------
Timing Analyzer Summary
------------------------------------------------------------

Type  : Slow 1100mV 85C Model Setup 'emdad_32_bit_register:F1|emdad_q[26]$latch'
Slack : -12.525
TNS   : -339.470

Type  : Slow 1100mV 85C Model Setup 'emdad_32_bit_register:F1|emdad_q[27]$latch'
Slack : -12.250
TNS   : -339.477

Type  : Slow 1100mV 85C Model Setup 'emdad_rden'
Slack : -7.931
TNS   : -118.615

Type  : Slow 1100mV 85C Model Setup 'emdad_clk'
Slack : -4.023
TNS   : -87.126

Type  : Slow 1100mV 85C Model Hold 'emdad_rden'
Slack : -2.476
TNS   : -91.795

Type  : Slow 1100mV 85C Model Hold 'emdad_clk'
Slack : -2.327
TNS   : -40.691

Type  : Slow 1100mV 85C Model Hold 'emdad_32_bit_register:F1|emdad_q[27]$latch'
Slack : -2.100
TNS   : -20.401

Type  : Slow 1100mV 85C Model Hold 'emdad_32_bit_register:F1|emdad_q[26]$latch'
Slack : -1.806
TNS   : -15.060

Type  : Slow 1100mV 85C Model Minimum Pulse Width 'emdad_clk'
Slack : -2.174
TNS   : -319.474

Type  : Slow 1100mV 85C Model Minimum Pulse Width 'emdad_32_bit_register:F1|emdad_q[26]$latch'
Slack : 0.043
TNS   : 0.000

Type  : Slow 1100mV 85C Model Minimum Pulse Width 'emdad_32_bit_register:F1|emdad_q[27]$latch'
Slack : 0.045
TNS   : 0.000

Type  : Slow 1100mV 85C Model Minimum Pulse Width 'emdad_rden'
Slack : 0.063
TNS   : 0.000

Type  : Slow 1100mV 0C Model Setup 'emdad_32_bit_register:F1|emdad_q[26]$latch'
Slack : -12.161
TNS   : -331.193

Type  : Slow 1100mV 0C Model Setup 'emdad_32_bit_register:F1|emdad_q[27]$latch'
Slack : -11.903
TNS   : -331.823

Type  : Slow 1100mV 0C Model Setup 'emdad_rden'
Slack : -7.823
TNS   : -127.835

Type  : Slow 1100mV 0C Model Setup 'emdad_clk'
Slack : -3.711
TNS   : -79.346

Type  : Slow 1100mV 0C Model Hold 'emdad_rden'
Slack : -2.402
TNS   : -82.130

Type  : Slow 1100mV 0C Model Hold 'emdad_clk'
Slack : -2.380
TNS   : -42.571

Type  : Slow 1100mV 0C Model Hold 'emdad_32_bit_register:F1|emdad_q[27]$latch'
Slack : -2.052
TNS   : -21.338

Type  : Slow 1100mV 0C Model Hold 'emdad_32_bit_register:F1|emdad_q[26]$latch'
Slack : -1.759
TNS   : -15.387

Type  : Slow 1100mV 0C Model Minimum Pulse Width 'emdad_clk'
Slack : -2.174
TNS   : -321.522

Type  : Slow 1100mV 0C Model Minimum Pulse Width 'emdad_32_bit_register:F1|emdad_q[26]$latch'
Slack : 0.012
TNS   : 0.000

Type  : Slow 1100mV 0C Model Minimum Pulse Width 'emdad_32_bit_register:F1|emdad_q[27]$latch'
Slack : 0.052
TNS   : 0.000

Type  : Slow 1100mV 0C Model Minimum Pulse Width 'emdad_rden'
Slack : 0.061
TNS   : 0.000

Type  : Fast 1100mV 85C Model Setup 'emdad_32_bit_register:F1|emdad_q[26]$latch'
Slack : -7.476
TNS   : -198.634

Type  : Fast 1100mV 85C Model Setup 'emdad_32_bit_register:F1|emdad_q[27]$latch'
Slack : -7.373
TNS   : -200.043

Type  : Fast 1100mV 85C Model Setup 'emdad_rden'
Slack : -4.814
TNS   : -34.808

Type  : Fast 1100mV 85C Model Setup 'emdad_clk'
Slack : -3.002
TNS   : -58.827

Type  : Fast 1100mV 85C Model Hold 'emdad_rden'
Slack : -1.504
TNS   : -60.699

Type  : Fast 1100mV 85C Model Hold 'emdad_clk'
Slack : -1.273
TNS   : -20.863

Type  : Fast 1100mV 85C Model Hold 'emdad_32_bit_register:F1|emdad_q[27]$latch'
Slack : -1.217
TNS   : -10.698

Type  : Fast 1100mV 85C Model Hold 'emdad_32_bit_register:F1|emdad_q[26]$latch'
Slack : -1.109
TNS   : -8.940

Type  : Fast 1100mV 85C Model Minimum Pulse Width 'emdad_clk'
Slack : -2.174
TNS   : -288.863

Type  : Fast 1100mV 85C Model Minimum Pulse Width 'emdad_rden'
Slack : -0.176
TNS   : -6.132

Type  : Fast 1100mV 85C Model Minimum Pulse Width 'emdad_32_bit_register:F1|emdad_q[26]$latch'
Slack : 0.142
TNS   : 0.000

Type  : Fast 1100mV 85C Model Minimum Pulse Width 'emdad_32_bit_register:F1|emdad_q[27]$latch'
Slack : 0.162
TNS   : 0.000

Type  : Fast 1100mV 0C Model Setup 'emdad_32_bit_register:F1|emdad_q[26]$latch'
Slack : -6.925
TNS   : -185.805

Type  : Fast 1100mV 0C Model Setup 'emdad_32_bit_register:F1|emdad_q[27]$latch'
Slack : -6.819
TNS   : -186.862

Type  : Fast 1100mV 0C Model Setup 'emdad_rden'
Slack : -4.192
TNS   : -30.427

Type  : Fast 1100mV 0C Model Setup 'emdad_clk'
Slack : -2.403
TNS   : -51.177

Type  : Fast 1100mV 0C Model Hold 'emdad_rden'
Slack : -1.428
TNS   : -59.145

Type  : Fast 1100mV 0C Model Hold 'emdad_clk'
Slack : -1.303
TNS   : -22.393

Type  : Fast 1100mV 0C Model Hold 'emdad_32_bit_register:F1|emdad_q[27]$latch'
Slack : -1.092
TNS   : -10.018

Type  : Fast 1100mV 0C Model Hold 'emdad_32_bit_register:F1|emdad_q[26]$latch'
Slack : -0.984
TNS   : -8.123

Type  : Fast 1100mV 0C Model Minimum Pulse Width 'emdad_clk'
Slack : -2.174
TNS   : -289.032

Type  : Fast 1100mV 0C Model Minimum Pulse Width 'emdad_rden'
Slack : -0.145
TNS   : -4.721

Type  : Fast 1100mV 0C Model Minimum Pulse Width 'emdad_32_bit_register:F1|emdad_q[26]$latch'
Slack : 0.186
TNS   : 0.000

Type  : Fast 1100mV 0C Model Minimum Pulse Width 'emdad_32_bit_register:F1|emdad_q[27]$latch'
Slack : 0.210
TNS   : 0.000

------------------------------------------------------------
